// Jest Snapshot v1, https://jestjs.io/docs/snapshot-testing

exports[`BetGroupList matches snapshot for typical rendering 1`] = `
<div>
  <div
    class="bet-group-list"
  >
    <div
      class="day-section"
    >
      <button
        aria-expanded="true"
        aria-label="Feb 24 - Collapse"
        class="day-header"
      >
        <div
          class="day-info"
        >
          <span
            class="day-label"
          >
            Feb 24
          </span>
          <span
            class="day-count"
          >
            2
             bet
            s
          </span>
        </div>
        <div
          class="day-stats"
        >
          <span
            class="day-stake"
          >
            Staked: 
            $100
          </span>
          <span
            class="day-pnl profit"
          >
            +$50
          </span>
          <span
            class="collapse-icon"
          >
            ▼
          </span>
        </div>
      </button>
      <div
        class="day-bets"
      >
        <div
          class="bet-card undefined"
        >
          <div
            class="bet-card-header"
          >
            <div
              class="bet-card-title"
            >
              <span
                class="bet-selection"
              />
              <span
                class="status-badge status-unknown"
              >
                Unknown
              </span>
            </div>
            <button
              aria-label="Delete bet"
              class="bet-card-delete"
            >
              ×
            </button>
          </div>
          <div
            class="bet-card-body"
          >
            <div
              class="bet-stats"
            >
              <div
                class="bet-stat"
              >
                <span
                  class="stat-label"
                >
                  Stake
                </span>
                <span
                  class="stat-value"
                >
                  $0
                </span>
              </div>
              <div
                class="bet-stat"
              >
                <span
                  class="stat-label"
                >
                  Odds
                </span>
                <span
                  class="stat-value"
                >
                  2
                </span>
              </div>
            </div>
            <div
              class="bet-date"
            >
              <span
                aria-hidden="true"
                class="date-icon"
              >
                📅
              </span>
            </div>
          </div>
          <button
            aria-expanded="true"
            aria-label="Hide details"
            class="bet-expand-toggle"
          >
            Hide Details
          </button>
          <div
            class="bet-details-expanded"
          >
            <div
              class="detail-row"
            >
              <span
                class="detail-label"
              >
                Bet Type:
              </span>
              <span
                class="detail-value"
              />
            </div>
          </div>
        </div>
        <div
          class="bet-card undefined"
        >
          <div
            class="bet-card-header"
          >
            <div
              class="bet-card-title"
            >
              <span
                class="bet-selection"
              />
              <span
                class="status-badge status-unknown"
              >
                Unknown
              </span>
            </div>
            <button
              aria-label="Delete bet"
              class="bet-card-delete"
            >
              ×
            </button>
          </div>
          <div
            class="bet-card-body"
          >
            <div
              class="bet-stats"
            >
              <div
                class="bet-stat"
              >
                <span
                  class="stat-label"
                >
                  Stake
                </span>
                <span
                  class="stat-value"
                >
                  $0
                </span>
              </div>
              <div
                class="bet-stat"
              >
                <span
                  class="stat-label"
                >
                  Odds
                </span>
                <span
                  class="stat-value"
                >
                  2
                </span>
              </div>
            </div>
            <div
              class="bet-date"
            >
              <span
                aria-hidden="true"
                class="date-icon"
              >
                📅
              </span>
            </div>
          </div>
          <button
            aria-expanded="false"
            aria-label="Show details"
            class="bet-expand-toggle"
          >
            Show Details
          </button>
        </div>
      </div>
    </div>
    <div
      class="day-section"
    >
      <button
        aria-expanded="false"
        aria-label="Feb 23 - Expand"
        class="day-header"
      >
        <div
          class="day-info"
        >
          <span
            class="day-label"
          >
            Feb 23
          </span>
          <span
            class="day-count"
          >
            0
             bet
            s
          </span>
        </div>
        <div
          class="day-stats"
        >
          <span
            class="day-stake"
          >
            Staked: 
            $0
          </span>
          <span
            class="day-pnl loss"
          >
            -$10
          </span>
          <span
            class="collapse-icon"
          >
            ▶
          </span>
        </div>
      </button>
    </div>
  </div>
</div>
`;
